<html>
<body>
<pre>
<h1>礦ision Build Log</h1>
<h2>Tool Versions:</h2>
IDE-Version: μVision V5.14.0.0
Copyright (C) 2015 ARM Ltd and ARM Germany GmbH. All rights reserved.
License Information: qqq qq, qq, LIC=AK1BS-L7U0V-WKHB8-32MSD-8SH41-84YPN
 
Tool Versions:
Toolchain:       MDK-ARM Professional  Version: 5.14.0.0
Toolchain Path:  E:\Keil_v5\ARM\ARMCC\Bin
C Compiler:      Armcc.exe V5.05 update 1 (build 106)
Assembler:       Armasm.exe V5.05 update 1 (build 106)
Linker/Locator:  ArmLink.exe V5.05 update 1 (build 106)
Library Manager: ArmAr.exe V5.05 update 1 (build 106)
Hex Converter:   FromElf.exe V5.05 update 1 (build 106)
CPU DLL:         SARMCM3.DLL V5.14.0.0
Dialog DLL:      DCM.DLL V1.13.1.0
Target DLL:      STLink\ST-LINKIII-KEIL_SWO.dll V2.0.6.0_KEIL
Dialog DLL:      TCM.DLL V1.14.4.0
 
<h2>Project:</h2>
F:\桌面资料本尊\科研与竞赛\【2019】ds -A-Hal\ZET6\Hal--key\motor_primary(L298N+编码测数+PID+hx71) （此基础上添加keypad）\MDK-ARM\ZET6.uvprojx
Project File Date:  04/20/2019

<h2>Output:</h2>
Build target 'ZET6'
compiling main.c...
..\BSP\oled.h(70): warning:  #1295-D: Deprecated declaration Picture - give arg types
  void Picture();
..\BSP\oled.h(71): warning:  #1295-D: Deprecated declaration IIC_Start - give arg types
  void IIC_Start();
..\BSP\oled.h(72): warning:  #1295-D: Deprecated declaration IIC_Stop - give arg types
  void IIC_Stop();
..\BSP\oled.h(77): warning:  #1295-D: Deprecated declaration IIC_Wait_Ack - give arg types
  void IIC_Wait_Ack();
../Src/main.c: 4 warnings, 0 errors
linking...
Program Size: Code=13084 RO-data=464 RW-data=56 ZI-data=1240  
FromELF: creating hex file...
"ZET6\ZET6.axf" - 0 Error(s), 4 Warning(s).

<h2>Software Packages used:</h2>

Package Vendor: ARM
                http://www.keil.com/pack/ARM.CMSIS.4.2.0.pack
                ARM::CMSIS:CORE:3.40.0
                CMSIS (Cortex Microcontroller Software Interface Standard)
   * Component: CORE Version: 3.40.0

<h2>Collection of Component include folders:</h2>
  F:\桌面资料本尊\科研与竞赛\【2019】ds -A-Hal\ZET6\Hal--key\motor_primary(L298N+编码测数+PID+hx71) （此基础上添加keypad）\MDK-ARM\RTE
  E:\Keil_v5\ARM\PACK\ARM\CMSIS\4.2.0\CMSIS\Include
  E:\Keil_v5\ARM\PACK\Keil\STM32F1xx_DFP\1.0.5\Device\Include

<h2>Collection of Component Files used:</h2>

   * Component: ARM::CMSIS:CORE:3.40.0
      Source file:   CMSIS\UserCodeTemplates\ARM\ITM_Retarget.c
</pre>
</body>
</html>
